 Image track-app-app Building 
#1 [internal] load local bake definitions
#1 reading from stdin 1.08kB done
#1 DONE 0.0s

#2 [internal] load build definition from Dockerfile
#2 transferring dockerfile: 457B done
#2 DONE 0.0s

#3 [internal] load metadata for docker.io/library/node:20-alpine
#3 ...

#4 [internal] load metadata for docker.io/library/nginx:alpine
#4 DONE 0.9s

#3 [internal] load metadata for docker.io/library/node:20-alpine
#3 DONE 0.9s

#5 [internal] load .dockerignore
#5 transferring context: 2B done
#5 DONE 0.0s

#6 [builder 1/6] FROM docker.io/library/node:20-alpine@sha256:fb4cd12c85ee03686f6af5362a0b0d56d50c58a04632e6c0fb8363f609372293
#6 resolve docker.io/library/node:20-alpine@sha256:fb4cd12c85ee03686f6af5362a0b0d56d50c58a04632e6c0fb8363f609372293 0.1s done
#6 DONE 0.1s

#7 [internal] load build context
#7 transferring context: 240.78kB 0.1s done
#7 DONE 0.1s

#8 [builder 2/6] WORKDIR /app
#8 CACHED

#9 [stage-1 1/3] FROM docker.io/library/nginx:alpine@sha256:df221db836e1754089190208cee7eeda94f233197056426eda74a43ab1abeac2
#9 resolve docker.io/library/nginx:alpine@sha256:df221db836e1754089190208cee7eeda94f233197056426eda74a43ab1abeac2 0.1s done
#9 CACHED

#10 [builder 3/6] COPY package*.json ./
#10 DONE 0.1s

#11 [builder 4/6] RUN npm install
#11 2.826 npm warn deprecated rimraf@2.7.1: Rimraf versions prior to v4 are no longer supported
#11 2.858 npm warn deprecated lodash.isequal@4.5.0: This package is deprecated. Use require('node:util').isDeepStrictEqual instead.
#11 2.916 npm warn deprecated inflight@1.0.6: This module is not supported, and leaks memory. Do not use it. Check out lru-cache if you want a good and tested way to coalesce async requests by a key value, which is much more comprehensive and powerful.
#11 2.951 npm warn deprecated glob@7.2.3: Old versions of glob are not supported, and contain widely publicized security vulnerabilities, which have been fixed in the current version. Please update. Support for old versions may be purchased (at exorbitant rates) by contacting i@izs.me
#11 3.159 npm warn deprecated fstream@1.0.12: This package is no longer supported.
#11 3.503 npm warn deprecated uuid@8.3.2: uuid@10 and below is no longer supported.  For ESM codebases, update to uuid@latest.  For CommonJS codebases, use uuid@11 (but be aware this version will likely be deprecated in 2028).
#11 5.905 
#11 5.905 added 134 packages, and audited 135 packages in 5s
#11 5.905 
#11 5.905 17 packages are looking for funding
#11 5.905   run `npm fund` for details
#11 5.910 
#11 5.910 2 moderate severity vulnerabilities
#11 5.910 
#11 5.910 To address all issues (including breaking changes), run:
#11 5.910   npm audit fix --force
#11 5.910 
#11 5.910 Run `npm audit` for details.
#11 5.911 npm notice
#11 5.911 npm notice New major version of npm available! 10.8.2 -> 12.1.0
#11 5.911 npm notice Changelog: https://github.com/npm/cli/releases/tag/v12.1.0
#11 5.911 npm notice To update run: npm install -g npm@12.1.0
#11 5.911 npm notice
#11 DONE 7.4s

#12 [builder 5/6] COPY . .
#12 DONE 1.1s

#13 [builder 6/6] RUN npm run build
#13 0.438 
#13 0.438 > track-app@1.0.0 build
#13 0.438 > vite build
#13 0.438 
#13 0.442 sh: vite: Permission denied
#13 ERROR: process "/bin/sh -c npm run build" did not complete successfully: exit code: 126
------
 > [builder 6/6] RUN npm run build:
0.438 
0.438 > track-app@1.0.0 build
0.438 > vite build
0.438 
0.442 sh: vite: Permission denied
------
Dockerfile:8

--------------------

   6 |     ARG VITE_GOOGLE_CLIENT_ID

   7 |     ENV VITE_GOOGLE_CLIENT_ID=${VITE_GOOGLE_CLIENT_ID}

   8 | >>> RUN npm run build

   9 |     FROM nginx:alpine

  10 |     COPY --from=builder /app/dist /usr/share/nginx/html

--------------------

failed to solve: process "/bin/sh -c npm run build" did not complete successfully: exit code: 126

